Archive member included to satisfy reference by file (symbol)

c:/program files (x86)/atmel/studio/7.0/toolchain/avr8/avr8-gnu-toolchain/bin/../lib/gcc/avr/4.9.2/../../../../avr/lib/avr4\libm.a(addsf3.o)
                              src/Print.o (__subsf3)
c:/program files (x86)/atmel/studio/7.0/toolchain/avr8/avr8-gnu-toolchain/bin/../lib/gcc/avr/4.9.2/../../../../avr/lib/avr4\libm.a(addsf3x.o)
                              c:/program files (x86)/atmel/studio/7.0/toolchain/avr8/avr8-gnu-toolchain/bin/../lib/gcc/avr/4.9.2/../../../../avr/lib/avr4\libm.a(addsf3.o) (__addsf3x)
c:/program files (x86)/atmel/studio/7.0/toolchain/avr8/avr8-gnu-toolchain/bin/../lib/gcc/avr/4.9.2/../../../../avr/lib/avr4\libm.a(cmpsf2.o)
                              src/Print.o (__ltsf2)
c:/program files (x86)/atmel/studio/7.0/toolchain/avr8/avr8-gnu-toolchain/bin/../lib/gcc/avr/4.9.2/../../../../avr/lib/avr4\libm.a(divsf3.o)
                              src/Print.o (__divsf3)
c:/program files (x86)/atmel/studio/7.0/toolchain/avr8/avr8-gnu-toolchain/bin/../lib/gcc/avr/4.9.2/../../../../avr/lib/avr4\libm.a(divsf3x.o)
                              c:/program files (x86)/atmel/studio/7.0/toolchain/avr8/avr8-gnu-toolchain/bin/../lib/gcc/avr/4.9.2/../../../../avr/lib/avr4\libm.a(divsf3.o) (__divsf3x)
c:/program files (x86)/atmel/studio/7.0/toolchain/avr8/avr8-gnu-toolchain/bin/../lib/gcc/avr/4.9.2/../../../../avr/lib/avr4\libm.a(fixsfsi.o)
                              src/Print.o (__fixsfsi)
c:/program files (x86)/atmel/studio/7.0/toolchain/avr8/avr8-gnu-toolchain/bin/../lib/gcc/avr/4.9.2/../../../../avr/lib/avr4\libm.a(fixunssfsi.o)
                              src/Print.o (__fixunssfsi)
c:/program files (x86)/atmel/studio/7.0/toolchain/avr8/avr8-gnu-toolchain/bin/../lib/gcc/avr/4.9.2/../../../../avr/lib/avr4\libm.a(floatsisf.o)
                              src/Print.o (__floatunsisf)
c:/program files (x86)/atmel/studio/7.0/toolchain/avr8/avr8-gnu-toolchain/bin/../lib/gcc/avr/4.9.2/../../../../avr/lib/avr4\libm.a(fp_cmp.o)
                              c:/program files (x86)/atmel/studio/7.0/toolchain/avr8/avr8-gnu-toolchain/bin/../lib/gcc/avr/4.9.2/../../../../avr/lib/avr4\libm.a(cmpsf2.o) (__fp_cmp)
c:/program files (x86)/atmel/studio/7.0/toolchain/avr8/avr8-gnu-toolchain/bin/../lib/gcc/avr/4.9.2/../../../../avr/lib/avr4\libm.a(fp_inf.o)
                              c:/program files (x86)/atmel/studio/7.0/toolchain/avr8/avr8-gnu-toolchain/bin/../lib/gcc/avr/4.9.2/../../../../avr/lib/avr4\libm.a(addsf3x.o) (__fp_inf)
c:/program files (x86)/atmel/studio/7.0/toolchain/avr8/avr8-gnu-toolchain/bin/../lib/gcc/avr/4.9.2/../../../../avr/lib/avr4\libm.a(fp_nan.o)
                              c:/program files (x86)/atmel/studio/7.0/toolchain/avr8/avr8-gnu-toolchain/bin/../lib/gcc/avr/4.9.2/../../../../avr/lib/avr4\libm.a(addsf3x.o) (__fp_nan)
c:/program files (x86)/atmel/studio/7.0/toolchain/avr8/avr8-gnu-toolchain/bin/../lib/gcc/avr/4.9.2/../../../../avr/lib/avr4\libm.a(fp_pscA.o)
                              c:/program files (x86)/atmel/studio/7.0/toolchain/avr8/avr8-gnu-toolchain/bin/../lib/gcc/avr/4.9.2/../../../../avr/lib/avr4\libm.a(addsf3x.o) (__fp_pscA)
c:/program files (x86)/atmel/studio/7.0/toolchain/avr8/avr8-gnu-toolchain/bin/../lib/gcc/avr/4.9.2/../../../../avr/lib/avr4\libm.a(fp_pscB.o)
                              c:/program files (x86)/atmel/studio/7.0/toolchain/avr8/avr8-gnu-toolchain/bin/../lib/gcc/avr/4.9.2/../../../../avr/lib/avr4\libm.a(addsf3x.o) (__fp_pscB)
c:/program files (x86)/atmel/studio/7.0/toolchain/avr8/avr8-gnu-toolchain/bin/../lib/gcc/avr/4.9.2/../../../../avr/lib/avr4\libm.a(fp_round.o)
                              c:/program files (x86)/atmel/studio/7.0/toolchain/avr8/avr8-gnu-toolchain/bin/../lib/gcc/avr/4.9.2/../../../../avr/lib/avr4\libm.a(addsf3.o) (__fp_round)
c:/program files (x86)/atmel/studio/7.0/toolchain/avr8/avr8-gnu-toolchain/bin/../lib/gcc/avr/4.9.2/../../../../avr/lib/avr4\libm.a(fp_split3.o)
                              c:/program files (x86)/atmel/studio/7.0/toolchain/avr8/avr8-gnu-toolchain/bin/../lib/gcc/avr/4.9.2/../../../../avr/lib/avr4\libm.a(addsf3x.o) (__fp_split3)
c:/program files (x86)/atmel/studio/7.0/toolchain/avr8/avr8-gnu-toolchain/bin/../lib/gcc/avr/4.9.2/../../../../avr/lib/avr4\libm.a(fp_zero.o)
                              c:/program files (x86)/atmel/studio/7.0/toolchain/avr8/avr8-gnu-toolchain/bin/../lib/gcc/avr/4.9.2/../../../../avr/lib/avr4\libm.a(addsf3x.o) (__fp_zero)
c:/program files (x86)/atmel/studio/7.0/toolchain/avr8/avr8-gnu-toolchain/bin/../lib/gcc/avr/4.9.2/../../../../avr/lib/avr4\libm.a(gesf2.o)
                              src/Print.o (__gtsf2)
c:/program files (x86)/atmel/studio/7.0/toolchain/avr8/avr8-gnu-toolchain/bin/../lib/gcc/avr/4.9.2/../../../../avr/lib/avr4\libm.a(mulsf3.o)
                              src/Print.o (__mulsf3)
[...]
Memory Configuration

Name             Origin             Length             Attributes
text             0x00000000         0x00002000         xr
data             0x00800060         0x0000ffa0         rw !x
eeprom           0x00810000         0x00010000         rw !x
fuse             0x00820000         0x00000400         rw !x
lock             0x00830000         0x00000400         rw !x
signature        0x00840000         0x00000400         rw !x
user_signatures  0x00850000         0x00000400         rw !x
*default*        0x00000000         0xffffffff

Linker script and memory map

LOAD C:/Program Files (x86)/Atmel/Studio/7.0/Packs/atmel/ATmega_DFP/1.0.90/gcc/dev/atmega8a/avr4/crtatmega8a.o
LOAD Sketch.o
LOAD src/abi.o
LOAD src/CDC.o
LOAD src/HardwareSerial.o
LOAD src/HardwareSerial0.o
LOAD src/HardwareSerial1.o
LOAD src/HardwareSerial2.o
LOAD src/HardwareSerial3.o
LOAD src/hooks.o
LOAD src/IPAddress.o
LOAD src/main.o
LOAD src/new.o
LOAD src/PluggableUSB.o
LOAD src/Print.o
LOAD src/Stream.o
LOAD src/Tone.o
LOAD src/USBCore.o
LOAD src/WInterrupts.o
LOAD src/wiring.o
LOAD src/wiring_analog.o
LOAD src/wiring_digital.o
LOAD src/wiring_pulse.o
LOAD src/wiring_shift.o
LOAD src/WMath.o
LOAD src/WString.o
START GROUP
LOAD c:/program files (x86)/atmel/studio/7.0/toolchain/avr8/avr8-gnu-toolchain/bin/../lib/gcc/avr/4.9.2/../../../../avr/lib/avr4\libm.a
END GROUP
LOAD c:/program files (x86)/atmel/studio/7.0/toolchain/avr8/avr8-gnu-toolchain/bin/../lib/gcc/avr/4.9.2/avr4\libgcc.a
LOAD c:/program files (x86)/atmel/studio/7.0/toolchain/avr8/avr8-gnu-toolchain/bin/../lib/gcc/avr/4.9.2/../../../../avr/lib/avr4\libm.a
START GROUP
LOAD c:/program files (x86)/atmel/studio/7.0/toolchain/avr8/avr8-gnu-toolchain/bin/../lib/gcc/avr/4.9.2/avr4\libgcc.a
LOAD c:/program files (x86)/atmel/studio/7.0/toolchain/avr8/avr8-gnu-toolchain/bin/../lib/gcc/avr/4.9.2/../../../../avr/lib/avr4\libm.a
LOAD c:/program files (x86)/atmel/studio/7.0/toolchain/avr8/avr8-gnu-toolchain/bin/../lib/gcc/avr/4.9.2/../../../../avr/lib/avr4\libc.a
LOAD C:/Program Files (x86)/Atmel/Studio/7.0/Packs/atmel/ATmega_DFP/1.0.90/gcc/dev/atmega8a/avr4\libatmega8a.a
END GROUP

.hash
 *(.hash)

.dynsym
 *(.dynsym)

.dynstr
 *(.dynstr)

.gnu.version
 *(.gnu.version)

.gnu.version_d
 *(.gnu.version_d)

.gnu.version_r
 *(.gnu.version_r)

.rel.init
 *(.rel.init)

.rela.init
 *(.rela.init)

.rel.text
 *(.rel.text)
 *(.rel.text.*)
 *(.rel.gnu.linkonce.t*)

.rela.text
 *(.rela.text)
 *(.rela.text.*)
 *(.rela.gnu.linkonce.t*)

.rel.fini
 *(.rel.fini)

.rela.fini
 *(.rela.fini)

.rel.rodata
 *(.rel.rodata)
 *(.rel.rodata.*)
 *(.rel.gnu.linkonce.r*)

.rela.rodata
 *(.rela.rodata)
 *(.rela.rodata.*)
 *(.rela.gnu.linkonce.r*)

.rel.data
 *(.rel.data)
 *(.rel.data.*)
 *(.rel.gnu.linkonce.d*)

.rela.data
 *(.rela.data)
 *(.rela.data.*)
 *(.rela.gnu.linkonce.d*)

.rel.ctors
 *(.rel.ctors)

.rela.ctors
 *(.rela.ctors)

.rel.dtors
 *(.rel.dtors)

.rela.dtors
 *(.rela.dtors)

.rel.got
 *(.rel.got)

.rela.got
 *(.rela.got)

.rel.bss
 *(.rel.bss)

.rela.bss
 *(.rela.bss)

.rel.plt
 *(.rel.plt)

.rela.plt
 *(.rela.plt)

.text           0x00000000     0x1294
 *(.vectors)
 .vectors       0x00000000       0x26 C:/Program Files (x86)/Atmel/Studio/7.0/Packs/atmel/ATmega_DFP/1.0.90/gcc/dev/atmega8a/avr4/crtatmega8a.o
                0x00000000                __vector_default
                0x00000000                __vectors
 *(.vectors)
 *(.progmem.gcc*)
                0x00000026                . = ALIGN (0x2)
                0x00000026                __trampolines_start = .
 *(.trampolines)
 .trampolines   0x00000026        0x0 linker stubs
 *(.trampolines*)
                0x00000026                __trampolines_end = .
 *(.progmem*)
 .progmem.data.digital_pin_to_timer_PGM
                0x00000026       0x14 src/wiring_digital.o
                0x00000026                digital_pin_to_timer_PGM
 .progmem.data.digital_pin_to_bit_mask_PGM
                0x0000003a       0x14 src/wiring_digital.o
                0x0000003a                digital_pin_to_bit_mask_PGM
 .progmem.data.digital_pin_to_port_PGM
                0x0000004e       0x14 src/wiring_digital.o
                0x0000004e                digital_pin_to_port_PGM
 .progmem.data.port_to_input_PGM
                0x00000062        0xa src/wiring_digital.o
                0x00000062                port_to_input_PGM
 .progmem.data.port_to_output_PGM
                0x0000006c        0xa src/wiring_digital.o
                0x0000006c                port_to_output_PGM
 .progmem.data.port_to_mode_PGM
                0x00000076        0xa src/wiring_digital.o
                0x00000076                port_to_mode_PGM
                0x00000080                . = ALIGN (0x2)
 *(.jumptables)
 *(.jumptables*)
 *(.lowtext)
 *(.lowtext*)
                0x00000080                __ctors_start = .
 *(.ctors)
 .ctors         0x00000080        0x2 src/HardwareSerial0.o
 .ctors         0x00000082        0x2 src/IPAddress.o
                0x00000084                __ctors_end = .
                0x00000084                __dtors_start = .
 *(.dtors)
                0x00000084                __dtors_end = .
 SORT(*)(.ctors)
 SORT(*)(.dtors)
 *(.init0)
 .init0         0x00000084        0x0 C:/Program Files (x86)/Atmel/Studio/7.0/Packs/atmel/ATmega_DFP/1.0.90/gcc/dev/atmega8a/avr4/crtatmega8a.o
                0x00000084                __init
 *(.init0)
 *(.init1)
 *(.init1)
 *(.init2)
 .init2         0x00000084        0xc C:/Program Files (x86)/Atmel/Studio/7.0/Packs/atmel/ATmega_DFP/1.0.90/gcc/dev/atmega8a/avr4/crtatmega8a.o
 *(.init2)
 *(.init3)
 *(.init3)
 *(.init4)
 .init4         0x00000090       0x16 c:/program files (x86)/atmel/studio/7.0/toolchain/avr8/avr8-gnu-toolchain/bin/../lib/gcc/avr/4.9.2/avr4\libgcc.a(_copy_data.o)
                0x00000090                __do_copy_data
 .init4         0x000000a6       0x10 c:/program files (x86)/atmel/studio/7.0/toolchain/avr8/avr8-gnu-toolchain/bin/../lib/gcc/avr/4.9.2/avr4\libgcc.a(_clear_bss.o)
                0x000000a6                __do_clear_bss
 *(.init4)
 *(.init5)
 *(.init5)
 *(.init6)
 .init6         0x000000b6       0x14 c:/program files (x86)/atmel/studio/7.0/toolchain/avr8/avr8-gnu-toolchain/bin/../lib/gcc/avr/4.9.2/avr4\libgcc.a(_ctors.o)
                0x000000b6                __do_global_ctors
 *(.init6)
 *(.init7)
 *(.init7)
 *(.init8)
 *(.init8)
 *(.init9)
 .init9         0x000000ca        0x4 C:/Program Files (x86)/Atmel/Studio/7.0/Packs/atmel/ATmega_DFP/1.0.90/gcc/dev/atmega8a/avr4/crtatmega8a.o
 *(.init9)
 *(.text)
 .text          0x000000ce        0x2 C:/Program Files (x86)/Atmel/Studio/7.0/Packs/atmel/ATmega_DFP/1.0.90/gcc/dev/atmega8a/avr4/crtatmega8a.o
                0x000000ce                __bad_interrupt
                0x000000ce                __vector_6
                0x000000ce                __vector_3
                0x000000ce                __vector_13
                0x000000ce                __vector_17
                0x000000ce                __vector_7
                0x000000ce                __vector_5
                0x000000ce                __vector_4
                0x000000ce                __vector_15
                0x000000ce                __vector_8
                0x000000ce                __vector_14
                0x000000ce                __vector_10
                0x000000ce                __vector_16
                0x000000ce                __vector_18
                0x000000d0                . = ALIGN (0x2)
 *(.text.*)
 .text.setup    0x000000d0       0x3a Sketch.o
                0x000000d0                setup
 .text._Z8get_data9DATA_INFO
                0x0000010a      0x2e6 Sketch.o
                0x0000010a                _Z8get_data9DATA_INFO
 .text._Z6max_isPjj
                0x000003f0       0x2c Sketch.o
                0x000003f0                _Z6max_isPjj
 .text._Z6min_isPjj
                0x0000041c       0x2c Sketch.o
                0x0000041c                _Z6min_isPjj
 .text._Z8detectori
                0x00000448      0x234 Sketch.o
                0x00000448                _Z8detectori
 .text.loop     0x0000067c      0x27a Sketch.o
                0x0000067c                loop
 .text._ZN14HardwareSerial9availableEv
                0x000008f6       0x18 src/HardwareSerial.o
                0x000008f6                _ZN14HardwareSerial9availableEv
 .text._ZN14HardwareSerial4peekEv
                0x0000090e       0x1c src/HardwareSerial.o
                0x0000090e                _ZN14HardwareSerial4peekEv
 .text._ZN14HardwareSerial4readEv
                0x0000092a       0x28 src/HardwareSerial.o
                0x0000092a                _ZN14HardwareSerial4readEv
 .text._Z14serialEventRunv
                0x00000952       0x18 src/HardwareSerial.o
                0x00000952                _Z14serialEventRunv
 .text._ZN14HardwareSerial17_tx_udr_empty_irqEv
                0x0000096a       0x54 src/HardwareSerial.o
                0x0000096a                _ZN14HardwareSerial17_tx_udr_empty_irqEv
 .text._ZN14HardwareSerial5flushEv
                0x000009be       0x42 src/HardwareSerial.o
                0x000009be                _ZN14HardwareSerial5flushEv
 .text._ZN14HardwareSerial5writeEh
                0x00000a00       0x9c src/HardwareSerial.o
                0x00000a00                _ZN14HardwareSerial5writeEh
 .text._ZN14HardwareSerial5beginEmh
                0x00000a9c       0xce src/HardwareSerial.o
                0x00000a9c                _ZN14HardwareSerial5beginEmh
 .text.__vector_11
                0x00000b6a       0x70 src/HardwareSerial0.o
                0x00000b6a                __vector_11
 .text.__vector_12
                0x00000bda       0x4a src/HardwareSerial0.o
                0x00000bda                __vector_12
 .text._Z17Serial0_availablev
                0x00000c24       0x12 src/HardwareSerial0.o
                0x00000c24                _Z17Serial0_availablev
 .text._GLOBAL__sub_I___vector_11
                0x00000c36       0x56 src/HardwareSerial0.o
 .text.__empty  0x00000c8c        0x2 src/hooks.o
                0x00000c8c                yield
 .text._ZNK9IPAddress7printToER5Print
                0x00000c8e       0x7e src/IPAddress.o
                0x00000c8e                _ZNK9IPAddress7printToER5Print
 .text._GLOBAL__sub_I__ZN9IPAddressC2Ev
                0x00000d0c       0x16 src/IPAddress.o
 .text.initVariant
                0x00000d22        0x2 src/main.o
                0x00000d22                initVariant
 .text.main     0x00000d24       0x14 src/main.o
                0x00000d24                main
 .text._ZN5Print5writeEPKhj
                0x00000d38       0x5e src/Print.o
                0x00000d38                _ZN5Print5writeEPKhj
 .text._ZN5Print5printEc
                0x00000d96       0x10 src/Print.o
                0x00000d96                _ZN5Print5printEc
 .text._ZN5Print11printNumberEmh
                0x00000da6       0xe4 src/Print.o
                0x00000da6                _ZN5Print11printNumberEmh
 .text._ZN5Print5printEmi
                0x00000e8a       0x1c src/Print.o
                0x00000e8a                _ZN5Print5printEmi
 .text._ZN5Print5printEhi
                0x00000ea6        0xe src/Print.o
                0x00000ea6                _ZN5Print5printEhi
 .text.nothing  0x00000eb4        0x2 src/WInterrupts.o
 .text.__vector_1
                0x00000eb6       0x4e src/WInterrupts.o
                0x00000eb6                __vector_1
 .text.__vector_2
                0x00000f04       0x4e src/WInterrupts.o
                0x00000f04                __vector_2
 .text.__vector_9
                0x00000f52       0x94 src/wiring.o
                0x00000f52                __vector_9
 .text.micros   0x00000fe6       0x4e src/wiring.o
                0x00000fe6                micros
 .text.delay    0x00001034       0x52 src/wiring.o
                0x00001034                delay
 .text.init     0x00001086       0x40 src/wiring.o
                0x00001086                init
 .text.turnOffPWM
                0x000010c6       0x24 src/wiring_digital.o
 .text.pinMode  0x000010ea       0x7e src/wiring_digital.o
                0x000010ea                pinMode
 .text.digitalWrite
                0x00001168       0x60 src/wiring_digital.o
                0x00001168                digitalWrite
 .text.digitalRead
                0x000011c8       0x50 src/wiring_digital.o
                0x000011c8                digitalRead
 .text.libgcc.div
                0x00001218       0x28 c:/program files (x86)/atmel/studio/7.0/toolchain/avr8/avr8-gnu-toolchain/bin/../lib/gcc/avr/4.9.2/avr4\libgcc.a(_udivmodhi4.o)
                0x00001218                __udivmodhi4
 .text.libgcc.div
                0x00001240       0x44 c:/program files (x86)/atmel/studio/7.0/toolchain/avr8/avr8-gnu-toolchain/bin/../lib/gcc/avr/4.9.2/avr4\libgcc.a(_udivmodsi4.o)
                0x00001240                __udivmodsi4
 .text.libgcc   0x00001284        0xc c:/program files (x86)/atmel/studio/7.0/toolchain/avr8/avr8-gnu-toolchain/bin/../lib/gcc/avr/4.9.2/avr4\libgcc.a(_tablejump2.o)
                0x00001284                __tablejump2__
                0x00001290                . = ALIGN (0x2)
 *(.fini9)
 .fini9         0x00001290        0x0 c:/program files (x86)/atmel/studio/7.0/toolchain/avr8/avr8-gnu-toolchain/bin/../lib/gcc/avr/4.9.2/avr4\libgcc.a(_exit.o)
                0x00001290                _exit
                0x00001290                exit
 *(.fini9)
 *(.fini8)
 *(.fini8)
 *(.fini7)
 *(.fini7)
 *(.fini6)
 *(.fini6)
 *(.fini5)
 *(.fini5)
 *(.fini4)
 *(.fini4)
 *(.fini3)
 *(.fini3)
 *(.fini2)
 *(.fini2)
 *(.fini1)
 *(.fini1)
 *(.fini0)
 .fini0         0x00001290        0x4 c:/program files (x86)/atmel/studio/7.0/toolchain/avr8/avr8-gnu-toolchain/bin/../lib/gcc/avr/4.9.2/avr4\libgcc.a(_exit.o)
 *(.fini0)
                0x00001294                _etext = .

.data           0x00800060       0x22 load address 0x00001294
                0x00800060                PROVIDE (__data_start, .)
 *(.data)
 *(.data*)
 .data.status   0x00800060        0x1 Sketch.o
                0x00800060                status
 .data.led      0x00800061        0x2 Sketch.o
                0x00800061                led
 .data.button   0x00800063        0x2 Sketch.o
                0x00800063                button
 .data.rf       0x00800065        0x2 Sketch.o
                0x00800065                rf
 .data.intFunc  0x00800067        0x4 src/WInterrupts.o
 *(.rodata)
 *(.rodata*)
 .rodata._ZTV14HardwareSerial
                0x0080006b       0x10 src/HardwareSerial.o
                0x0080006b                _ZTV14HardwareSerial
 .rodata._ZTV9IPAddress
                0x0080007b        0x6 src/IPAddress.o
                0x0080007b                _ZTV9IPAddress
 *(.gnu.linkonce.d*)
                0x00800082                . = ALIGN (0x2)
 *fill*         0x00800081        0x1 
                0x00800082                _edata = .
                0x00800082                PROVIDE (__data_end, .)

.bss            0x00800082       0xde
                0x00800082                PROVIDE (__bss_start, .)
 *(.bss)
 *(.bss*)
 .bss.temp_s    0x00800082       0x19 Sketch.o
                0x00800082                temp_s
 .bss.temp_x    0x0080009b       0x19 Sketch.o
                0x0080009b                temp_x
 .bss.Serial    0x008000b4       0x9d src/HardwareSerial0.o
                0x008000b4                Serial
 .bss._ZL11INADDR_NONE
                0x00800151        0x6 src/IPAddress.o
 .bss.timer0_fract
                0x00800157        0x1 src/wiring.o
 .bss.timer0_millis
                0x00800158        0x4 src/wiring.o
                0x00800158                timer0_millis
 .bss.timer0_overflow_count
                0x0080015c        0x4 src/wiring.o
                0x0080015c                timer0_overflow_count
 *(COMMON)
                0x00800160                PROVIDE (__bss_end, .)
                0x00001294                __data_load_start = LOADADDR (.data)
                0x000012b6                __data_load_end = (__data_load_start + SIZEOF (.data))

.noinit         0x00800160        0x0
                0x00800160                PROVIDE (__noinit_start, .)
 *(.noinit*)
                0x00800160                PROVIDE (__noinit_end, .)
                0x00800160                _end = .
                0x00800160                PROVIDE (__heap_start, .)

.eeprom         0x00810000        0x0
 *(.eeprom*)
                0x00810000                __eeprom_end = .

.fuse
 *(.fuse)
 *(.lfuse)
 *(.hfuse)
 *(.efuse)

.lock
 *(.lock*)

.signature
 *(.signature*)

.user_signatures
 *(.user_signatures*)

.stab
 *(.stab)

.stabstr
 *(.stabstr)

.stab.excl
 *(.stab.excl)

.stab.exclstr
 *(.stab.exclstr)

.stab.index
 *(.stab.index)

.stab.indexstr
 *(.stab.indexstr)

.comment        0x00000000       0x30
 *(.comment)
 .comment       0x00000000       0x30 Sketch.o
                                 0x31 (size before relaxing)
 .comment       0x00000030       0x31 src/HardwareSerial.o
 .comment       0x00000030       0x31 src/HardwareSerial0.o
 .comment       0x00000030       0x31 src/hooks.o
 .comment       0x00000030       0x31 src/IPAddress.o
 .comment       0x00000030       0x31 src/main.o
 .comment       0x00000030       0x31 src/Print.o
 .comment       0x00000030       0x31 src/WInterrupts.o
 .comment       0x00000030       0x31 src/wiring.o
 .comment       0x00000030       0x31 src/wiring_digital.o

.note.gnu.avr.deviceinfo
                0x00000000       0x3c
 .note.gnu.avr.deviceinfo
                0x00000000       0x3c C:/Program Files (x86)/Atmel/Studio/7.0/Packs/atmel/ATmega_DFP/1.0.90/gcc/dev/atmega8a/avr4/crtatmega8a.o

.note.gnu.build-id
 *(.note.gnu.build-id)

.debug
 *(.debug)

.line
 *(.line)

.debug_srcinfo
 *(.debug_srcinfo)

.debug_sfnames
 *(.debug_sfnames)

.debug_aranges  0x00000000      0x348
 *(.debug_aranges)
 .debug_aranges
                0x00000000       0x48 Sketch.o
 .debug_aranges
                0x00000048       0x68 src/HardwareSerial.o
 .debug_aranges
                0x000000b0       0x38 src/HardwareSerial0.o
 .debug_aranges
                0x000000e8       0x20 src/hooks.o
 .debug_aranges
                0x00000108       0x60 src/IPAddress.o
 .debug_aranges
                0x00000168       0x38 src/main.o
 .debug_aranges
                0x000001a0       0xe8 src/Print.o
 .debug_aranges
                0x00000288       0x40 src/WInterrupts.o
 .debug_aranges
                0x000002c8       0x48 src/wiring.o
 .debug_aranges
                0x00000310       0x38 src/wiring_digital.o

.debug_pubnames
 *(.debug_pubnames)

.debug_info     0x00000000     0x7ecc
 *(.debug_info .gnu.linkonce.wi.*)
 .debug_info    0x00000000     0x112a Sketch.o
 .debug_info    0x0000112a     0x1a5e src/HardwareSerial.o
 .debug_info    0x00002b88     0x1724 src/HardwareSerial0.o
 .debug_info    0x000042ac       0x3e src/hooks.o
 .debug_info    0x000042ea      0x98f src/IPAddress.o
 .debug_info    0x00004c79      0x206 src/main.o
 .debug_info    0x00004e7f     0x25a5 src/Print.o
 .debug_info    0x00007424      0x217 src/WInterrupts.o
 .debug_info    0x0000763b      0x2bb src/wiring.o
 .debug_info    0x000078f6      0x5d6 src/wiring_digital.o

.debug_abbrev   0x00000000     0x15de
 *(.debug_abbrev)
 .debug_abbrev  0x00000000      0x37d Sketch.o
 .debug_abbrev  0x0000037d      0x379 src/HardwareSerial.o
 .debug_abbrev  0x000006f6      0x35d src/HardwareSerial0.o
 .debug_abbrev  0x00000a53       0x2a src/hooks.o
 .debug_abbrev  0x00000a7d      0x33d src/IPAddress.o
 .debug_abbrev  0x00000dba       0xea src/main.o
 .debug_abbrev  0x00000ea4      0x3b0 src/Print.o
 .debug_abbrev  0x00001254       0xfc src/WInterrupts.o
 .debug_abbrev  0x00001350      0x145 src/wiring.o
 .debug_abbrev  0x00001495      0x149 src/wiring_digital.o

.debug_line     0x00000000     0x1405
 *(.debug_line .debug_line.* .debug_line_end)
 .debug_line    0x00000000      0x3f9 Sketch.o
 .debug_line    0x000003f9      0x2c8 src/HardwareSerial.o
 .debug_line    0x000006c1      0x1f2 src/HardwareSerial0.o
 .debug_line    0x000008b3       0x3b src/hooks.o
 .debug_line    0x000008ee      0x212 src/IPAddress.o
 .debug_line    0x00000b00      0x11e src/main.o
 .debug_line    0x00000c1e      0x407 src/Print.o
 .debug_line    0x00001025      0x135 src/WInterrupts.o
 .debug_line    0x0000115a      0x171 src/wiring.o
 .debug_line    0x000012cb      0x13a src/wiring_digital.o

.debug_frame    0x00000000      0xa94
 *(.debug_frame)
 .debug_frame   0x00000000      0x184 Sketch.o
 .debug_frame   0x00000184      0x110 src/HardwareSerial.o
 .debug_frame   0x00000294       0xcc src/HardwareSerial0.o
 .debug_frame   0x00000360       0x24 src/hooks.o
 .debug_frame   0x00000384       0xe8 src/IPAddress.o
 .debug_frame   0x0000046c       0x54 src/main.o
 .debug_frame   0x000004c0      0x3a8 src/Print.o
 .debug_frame   0x00000868       0xf4 src/WInterrupts.o
 .debug_frame   0x0000095c       0xbc src/wiring.o
 .debug_frame   0x00000a18       0x7c src/wiring_digital.o

.debug_str      0x00000000     0x1ecb
 *(.debug_str)
 .debug_str     0x00000000      0x6cf Sketch.o
                                0x753 (size before relaxing)
 .debug_str     0x000006cf      0xed2 src/HardwareSerial.o
                               0x11e1 (size before relaxing)
 .debug_str     0x000015a1       0x86 src/HardwareSerial0.o
                                0xfdb (size before relaxing)
 .debug_str     0x00001627       0xdd src/hooks.o
                                0x136 (size before relaxing)
 .debug_str     0x00001704      0x25c src/IPAddress.o
                                0x51c (size before relaxing)
 .debug_str     0x00001960       0x3e src/main.o
                                0x261 (size before relaxing)
 .debug_str     0x0000199e      0x37b src/Print.o
                                0xe81 (size before relaxing)
 .debug_str     0x00001d19       0x88 src/WInterrupts.o
                                0x22e (size before relaxing)
 .debug_str     0x00001da1       0x79 src/wiring.o
                                0x237 (size before relaxing)
 .debug_str     0x00001e1a       0xb1 src/wiring_digital.o
                                0x2a6 (size before relaxing)

.debug_loc      0x00000000     0x3b9a
 *(.debug_loc)
 .debug_loc     0x00000000      0xb53 Sketch.o
 .debug_loc     0x00000b53      0x484 src/HardwareSerial.o
 .debug_loc     0x00000fd7      0x17b src/HardwareSerial0.o
 .debug_loc     0x00001152      0x2c0 src/IPAddress.o
 .debug_loc     0x00001412     0x1db0 src/Print.o
 .debug_loc     0x000031c2      0x235 src/WInterrupts.o
 .debug_loc     0x000033f7      0x22a src/wiring.o
 .debug_loc     0x00003621      0x579 src/wiring_digital.o

.debug_macinfo
 *(.debug_macinfo)

.debug_weaknames
 *(.debug_weaknames)

.debug_funcnames
 *(.debug_funcnames)

.debug_typenames
 *(.debug_typenames)

.debug_varnames
 *(.debug_varnames)

.debug_pubtypes
 *(.debug_pubtypes)

.debug_ranges   0x00000000      0x330
 *(.debug_ranges)
 .debug_ranges  0x00000000       0xa8 Sketch.o
 .debug_ranges  0x000000a8       0x58 src/HardwareSerial.o
 .debug_ranges  0x00000100       0x28 src/HardwareSerial0.o
 .debug_ranges  0x00000128       0x10 src/hooks.o
 .debug_ranges  0x00000138       0x50 src/IPAddress.o
 .debug_ranges  0x00000188       0x28 src/main.o
 .debug_ranges  0x000001b0       0xf0 src/Print.o
 .debug_ranges  0x000002a0       0x30 src/WInterrupts.o
 .debug_ranges  0x000002d0       0x38 src/wiring.o
 .debug_ranges  0x00000308       0x28 src/wiring_digital.o

.debug_macro
 *(.debug_macro)
OUTPUT(remote_leanning.elf elf32-avr)
LOAD linker stubs
