Archive member included to satisfy reference by file (symbol)

c:/program files (x86)/atmel/studio/7.0/toolchain/avr8/avr8-gnu-toolchain/bin/../lib/gcc/avr/4.9.2/../../../../avr/lib/avr5\libm.a(addsf3.o)
                              src/Print.o (__subsf3)
c:/program files (x86)/atmel/studio/7.0/toolchain/avr8/avr8-gnu-toolchain/bin/../lib/gcc/avr/4.9.2/../../../../avr/lib/avr5\libm.a(addsf3x.o)
                              c:/program files (x86)/atmel/studio/7.0/toolchain/avr8/avr8-gnu-toolchain/bin/../lib/gcc/avr/4.9.2/../../../../avr/lib/avr5\libm.a(addsf3.o) (__addsf3x)
c:/program files (x86)/atmel/studio/7.0/toolchain/avr8/avr8-gnu-toolchain/bin/../lib/gcc/avr/4.9.2/../../../../avr/lib/avr5\libm.a(cmpsf2.o)
                              src/Print.o (__ltsf2)
c:/program files (x86)/atmel/studio/7.0/toolchain/avr8/avr8-gnu-toolchain/bin/../lib/gcc/avr/4.9.2/../../../../avr/lib/avr5\libm.a(divsf3.o)
                              src/Print.o (__divsf3)
c:/program files (x86)/atmel/studio/7.0/toolchain/avr8/avr8-gnu-toolchain/bin/../lib/gcc/avr/4.9.2/../../../../avr/lib/avr5\libm.a(divsf3x.o)
                              c:/program files (x86)/atmel/studio/7.0/toolchain/avr8/avr8-gnu-toolchain/bin/../lib/gcc/avr/4.9.2/../../../../avr/lib/avr5\libm.a(divsf3.o) (__divsf3x)
c:/program files (x86)/atmel/studio/7.0/toolchain/avr8/avr8-gnu-toolchain/bin/../lib/gcc/avr/4.9.2/../../../../avr/lib/avr5\libm.a(fixsfsi.o)
                              src/Print.o (__fixsfsi)
c:/program files (x86)/atmel/studio/7.0/toolchain/avr8/avr8-gnu-toolchain/bin/../lib/gcc/avr/4.9.2/../../../../avr/lib/avr5\libm.a(fixunssfsi.o)
                              src/Print.o (__fixunssfsi)
c:/program files (x86)/atmel/studio/7.0/toolchain/avr8/avr8-gnu-toolchain/bin/../lib/gcc/avr/4.9.2/../../../../avr/lib/avr5\libm.a(floatsisf.o)
                              src/Print.o (__floatunsisf)
c:/program files (x86)/atmel/studio/7.0/toolchain/avr8/avr8-gnu-toolchain/bin/../lib/gcc/avr/4.9.2/../../../../avr/lib/avr5\libm.a(fp_cmp.o)
                              c:/program files (x86)/atmel/studio/7.0/toolchain/avr8/avr8-gnu-toolchain/bin/../lib/gcc/avr/4.9.2/../../../../avr/lib/avr5\libm.a(cmpsf2.o) (__fp_cmp)
c:/program files (x86)/atmel/studio/7.0/toolchain/avr8/avr8-gnu-toolchain/bin/../lib/gcc/avr/4.9.2/../../../../avr/lib/avr5\libm.a(fp_inf.o)
                              c:/program files (x86)/atmel/studio/7.0/toolchain/avr8/avr8-gnu-toolchain/bin/../lib/gcc/avr/4.9.2/../../../../avr/lib/avr5\libm.a(addsf3x.o) (__fp_inf)
c:/program files (x86)/atmel/studio/7.0/toolchain/avr8/avr8-gnu-toolchain/bin/../lib/gcc/avr/4.9.2/../../../../avr/lib/avr5\libm.a(fp_nan.o)
                              c:/program files (x86)/atmel/studio/7.0/toolchain/avr8/avr8-gnu-toolchain/bin/../lib/gcc/avr/4.9.2/../../../../avr/lib/avr5\libm.a(addsf3x.o) (__fp_nan)
c:/program files (x86)/atmel/studio/7.0/toolchain/avr8/avr8-gnu-toolchain/bin/../lib/gcc/avr/4.9.2/../../../../avr/lib/avr5\libm.a(fp_pscA.o)
                              c:/program files (x86)/atmel/studio/7.0/toolchain/avr8/avr8-gnu-toolchain/bin/../lib/gcc/avr/4.9.2/../../../../avr/lib/avr5\libm.a(addsf3x.o) (__fp_pscA)
c:/program files (x86)/atmel/studio/7.0/toolchain/avr8/avr8-gnu-toolchain/bin/../lib/gcc/avr/4.9.2/../../../../avr/lib/avr5\libm.a(fp_pscB.o)
                              c:/program files (x86)/atmel/studio/7.0/toolchain/avr8/avr8-gnu-toolchain/bin/../lib/gcc/avr/4.9.2/../../../../avr/lib/avr5\libm.a(addsf3x.o) (__fp_pscB)
c:/program files (x86)/atmel/studio/7.0/toolchain/avr8/avr8-gnu-toolchain/bin/../lib/gcc/avr/4.9.2/../../../../avr/lib/avr5\libm.a(fp_round.o)
                              c:/program files (x86)/atmel/studio/7.0/toolchain/avr8/avr8-gnu-toolchain/bin/../lib/gcc/avr/4.9.2/../../../../avr/lib/avr5\libm.a(addsf3.o) (__fp_round)
c:/program files (x86)/atmel/studio/7.0/toolchain/avr8/avr8-gnu-toolchain/bin/../lib/gcc/avr/4.9.2/../../../../avr/lib/avr5\libm.a(fp_split3.o)
                              c:/program files (x86)/atmel/studio/7.0/toolchain/avr8/avr8-gnu-toolchain/bin/../lib/gcc/avr/4.9.2/../../../../avr/lib/avr5\libm.a(addsf3x.o) (__fp_split3)
c:/program files (x86)/atmel/studio/7.0/toolchain/avr8/avr8-gnu-toolchain/bin/../lib/gcc/avr/4.9.2/../../../../avr/lib/avr5\libm.a(fp_zero.o)
                              c:/program files (x86)/atmel/studio/7.0/toolchain/avr8/avr8-gnu-toolchain/bin/../lib/gcc/avr/4.9.2/../../../../avr/lib/avr5\libm.a(addsf3x.o) (__fp_zero)
c:/program files (x86)/atmel/studio/7.0/toolchain/avr8/avr8-gnu-toolchain/bin/../lib/gcc/avr/4.9.2/../../../../avr/lib/avr5\libm.a(gesf2.o)
                              src/Print.o (__gtsf2)
c:/program files (x86)/atmel/studio/7.0/toolchain/avr8/avr8-gnu-toolchain/bin/../lib/gcc/avr/4.9.2/../../../../avr/lib/avr5\libm.a(mulsf3.o)
                              src/Print.o (__mulsf3)
[...]
Memory Configuration

Name             Origin             Length             Attributes
text             0x00000000         0x00020000         xr
data             0x00800060         0x0000ffa0         rw !x
eeprom           0x00810000         0x00010000         rw !x
fuse             0x00820000         0x00000400         rw !x
lock             0x00830000         0x00000400         rw !x
signature        0x00840000         0x00000400         rw !x
user_signatures  0x00850000         0x00000400         rw !x
*default*        0x00000000         0xffffffff

Linker script and memory map

Address of section .data set to 0x800100
LOAD C:/Program Files (x86)/Atmel/Studio/7.0/Packs/atmel/ATmega_DFP/1.0.90/gcc/dev/atmega328p/avr5/crtatmega328p.o
LOAD Sketch.o
LOAD src/abi.o
LOAD src/CDC.o
LOAD src/HardwareSerial.o
LOAD src/HardwareSerial0.o
LOAD src/HardwareSerial1.o
LOAD src/HardwareSerial2.o
LOAD src/HardwareSerial3.o
LOAD src/hooks.o
LOAD src/IPAddress.o
LOAD src/main.o
LOAD src/new.o
LOAD src/PluggableUSB.o
LOAD src/Print.o
LOAD src/Stream.o
LOAD src/Tone.o
LOAD src/USBCore.o
LOAD src/WInterrupts.o
LOAD src/wiring.o
LOAD src/wiring_analog.o
LOAD src/wiring_digital.o
LOAD src/wiring_pulse.o
LOAD src/wiring_shift.o
LOAD src/WMath.o
LOAD src/WString.o
START GROUP
LOAD c:/program files (x86)/atmel/studio/7.0/toolchain/avr8/avr8-gnu-toolchain/bin/../lib/gcc/avr/4.9.2/../../../../avr/lib/avr5\libm.a
END GROUP
LOAD c:/program files (x86)/atmel/studio/7.0/toolchain/avr8/avr8-gnu-toolchain/bin/../lib/gcc/avr/4.9.2/avr5\libgcc.a
LOAD c:/program files (x86)/atmel/studio/7.0/toolchain/avr8/avr8-gnu-toolchain/bin/../lib/gcc/avr/4.9.2/../../../../avr/lib/avr5\libm.a
START GROUP
LOAD c:/program files (x86)/atmel/studio/7.0/toolchain/avr8/avr8-gnu-toolchain/bin/../lib/gcc/avr/4.9.2/avr5\libgcc.a
LOAD c:/program files (x86)/atmel/studio/7.0/toolchain/avr8/avr8-gnu-toolchain/bin/../lib/gcc/avr/4.9.2/../../../../avr/lib/avr5\libm.a
LOAD c:/program files (x86)/atmel/studio/7.0/toolchain/avr8/avr8-gnu-toolchain/bin/../lib/gcc/avr/4.9.2/../../../../avr/lib/avr5\libc.a
LOAD C:/Program Files (x86)/Atmel/Studio/7.0/Packs/atmel/ATmega_DFP/1.0.90/gcc/dev/atmega328p/avr5\libatmega328p.a
END GROUP

.hash
 *(.hash)

.dynsym
 *(.dynsym)

.dynstr
 *(.dynstr)

.gnu.version
 *(.gnu.version)

.gnu.version_d
 *(.gnu.version_d)

.gnu.version_r
 *(.gnu.version_r)

.rel.init
 *(.rel.init)

.rela.init
 *(.rela.init)

.rel.text
 *(.rel.text)
 *(.rel.text.*)
 *(.rel.gnu.linkonce.t*)

.rela.text
 *(.rela.text)
 *(.rela.text.*)
 *(.rela.gnu.linkonce.t*)

.rel.fini
 *(.rel.fini)

.rela.fini
 *(.rela.fini)

.rel.rodata
 *(.rel.rodata)
 *(.rel.rodata.*)
 *(.rel.gnu.linkonce.r*)

.rela.rodata
 *(.rela.rodata)
 *(.rela.rodata.*)
 *(.rela.gnu.linkonce.r*)

.rel.data
 *(.rel.data)
 *(.rel.data.*)
 *(.rel.gnu.linkonce.d*)

.rela.data
 *(.rela.data)
 *(.rela.data.*)
 *(.rela.gnu.linkonce.d*)

.rel.ctors
 *(.rel.ctors)

.rela.ctors
 *(.rela.ctors)

.rel.dtors
 *(.rel.dtors)

.rela.dtors
 *(.rela.dtors)

.rel.got
 *(.rel.got)

.rela.got
 *(.rela.got)

.rel.bss
 *(.rel.bss)

.rela.bss
 *(.rela.bss)

.rel.plt
 *(.rel.plt)

.rela.plt
 *(.rela.plt)

.text           0x00000000      0xc66
 *(.vectors)
 .vectors       0x00000000       0x68 C:/Program Files (x86)/Atmel/Studio/7.0/Packs/atmel/ATmega_DFP/1.0.90/gcc/dev/atmega328p/avr5/crtatmega328p.o
                0x00000000                __vector_default
                0x00000000                __vectors
 *(.vectors)
 *(.progmem.gcc*)
                0x00000068                . = ALIGN (0x2)
                0x00000068                __trampolines_start = .
 *(.trampolines)
 .trampolines   0x00000068        0x0 linker stubs
 *(.trampolines*)
                0x00000068                __trampolines_end = .
 *(.progmem*)
 .progmem.data._ZL21tone_pin_to_timer_PGM
                0x00000068        0x1 src/Tone.o
 .progmem.data.digital_pin_to_timer_PGM
                0x00000069       0x14 src/wiring_digital.o
                0x00000069                digital_pin_to_timer_PGM
 .progmem.data.digital_pin_to_bit_mask_PGM
                0x0000007d       0x14 src/wiring_digital.o
                0x0000007d                digital_pin_to_bit_mask_PGM
 .progmem.data.digital_pin_to_port_PGM
                0x00000091       0x14 src/wiring_digital.o
                0x00000091                digital_pin_to_port_PGM
 .progmem.data.port_to_output_PGM
                0x000000a5        0xa src/wiring_digital.o
                0x000000a5                port_to_output_PGM
                0x000000b0                . = ALIGN (0x2)
 *fill*         0x000000af        0x1 
 *(.jumptables)
 *(.jumptables*)
 *(.lowtext)
 *(.lowtext*)
                0x000000b0                __ctors_start = .
 *(.ctors)
 .ctors         0x000000b0        0x2 src/HardwareSerial0.o
 .ctors         0x000000b2        0x2 src/IPAddress.o
                0x000000b4                __ctors_end = .
                0x000000b4                __dtors_start = .
 *(.dtors)
                0x000000b4                __dtors_end = .
 SORT(*)(.ctors)
 SORT(*)(.dtors)
 *(.init0)
 .init0         0x000000b4        0x0 C:/Program Files (x86)/Atmel/Studio/7.0/Packs/atmel/ATmega_DFP/1.0.90/gcc/dev/atmega328p/avr5/crtatmega328p.o
                0x000000b4                __init
 *(.init0)
 *(.init1)
 *(.init1)
 *(.init2)
 .init2         0x000000b4        0xc C:/Program Files (x86)/Atmel/Studio/7.0/Packs/atmel/ATmega_DFP/1.0.90/gcc/dev/atmega328p/avr5/crtatmega328p.o
 *(.init2)
 *(.init3)
 *(.init3)
 *(.init4)
 .init4         0x000000c0       0x16 c:/program files (x86)/atmel/studio/7.0/toolchain/avr8/avr8-gnu-toolchain/bin/../lib/gcc/avr/4.9.2/avr5\libgcc.a(_copy_data.o)
                0x000000c0                __do_copy_data
 .init4         0x000000d6       0x10 c:/program files (x86)/atmel/studio/7.0/toolchain/avr8/avr8-gnu-toolchain/bin/../lib/gcc/avr/4.9.2/avr5\libgcc.a(_clear_bss.o)
                0x000000d6                __do_clear_bss
 *(.init4)
 *(.init5)
 *(.init5)
 *(.init6)
 .init6         0x000000e6       0x16 c:/program files (x86)/atmel/studio/7.0/toolchain/avr8/avr8-gnu-toolchain/bin/../lib/gcc/avr/4.9.2/avr5\libgcc.a(_ctors.o)
                0x000000e6                __do_global_ctors
 *(.init6)
 *(.init7)
 *(.init7)
 *(.init8)
 *(.init8)
 *(.init9)
 .init9         0x000000fc        0x8 C:/Program Files (x86)/Atmel/Studio/7.0/Packs/atmel/ATmega_DFP/1.0.90/gcc/dev/atmega328p/avr5/crtatmega328p.o
 *(.init9)
 *(.text)
 .text          0x00000104        0x4 C:/Program Files (x86)/Atmel/Studio/7.0/Packs/atmel/ATmega_DFP/1.0.90/gcc/dev/atmega328p/avr5/crtatmega328p.o
                0x00000104                __vector_22
                0x00000104                __vector_24
                0x00000104                __vector_12
                0x00000104                __bad_interrupt
                0x00000104                __vector_6
                0x00000104                __vector_3
                0x00000104                __vector_23
                0x00000104                __vector_25
                0x00000104                __vector_11
                0x00000104                __vector_13
                0x00000104                __vector_17
                0x00000104                __vector_5
                0x00000104                __vector_4
                0x00000104                __vector_9
                0x00000104                __vector_21
                0x00000104                __vector_15
                0x00000104                __vector_8
                0x00000104                __vector_14
                0x00000104                __vector_10
                0x00000104                __vector_20
                0x00000108                . = ALIGN (0x2)
 *(.text.*)
 .text.setup    0x00000108       0xb8 Sketch.o
                0x00000108                setup
 .text.loop     0x000001c0        0xe Sketch.o
                0x000001c0                loop
 .text._ZN14HardwareSerial9availableEv
                0x000001ce       0x18 src/HardwareSerial.o
                0x000001ce                _ZN14HardwareSerial9availableEv
 .text._ZN14HardwareSerial4peekEv
                0x000001e6       0x1c src/HardwareSerial.o
                0x000001e6                _ZN14HardwareSerial4peekEv
 .text._ZN14HardwareSerial4readEv
                0x00000202       0x28 src/HardwareSerial.o
                0x00000202                _ZN14HardwareSerial4readEv
 .text._Z14serialEventRunv
                0x0000022a       0x1c src/HardwareSerial.o
                0x0000022a                _Z14serialEventRunv
 .text._ZN14HardwareSerial17_tx_udr_empty_irqEv
                0x00000246       0x54 src/HardwareSerial.o
                0x00000246                _ZN14HardwareSerial17_tx_udr_empty_irqEv
 .text._ZN14HardwareSerial5flushEv
                0x0000029a       0x44 src/HardwareSerial.o
                0x0000029a                _ZN14HardwareSerial5flushEv
 .text._ZN14HardwareSerial5writeEh
                0x000002de       0x9e src/HardwareSerial.o
                0x000002de                _ZN14HardwareSerial5writeEh
 .text._ZN14HardwareSerial5beginEmh
                0x0000037c       0xd2 src/HardwareSerial.o
                0x0000037c                _ZN14HardwareSerial5beginEmh
 .text.__vector_18
                0x0000044e       0x70 src/HardwareSerial0.o
                0x0000044e                __vector_18
 .text.__vector_19
                0x000004be       0x4c src/HardwareSerial0.o
                0x000004be                __vector_19
 .text._Z17Serial0_availablev
                0x0000050a       0x14 src/HardwareSerial0.o
                0x0000050a                _Z17Serial0_availablev
 .text._GLOBAL__sub_I___vector_18
                0x0000051e       0x5a src/HardwareSerial0.o
 .text.__empty  0x00000578        0x2 src/hooks.o
                0x00000578                yield
 .text._ZNK9IPAddress7printToER5Print
                0x0000057a       0x84 src/IPAddress.o
                0x0000057a                _ZNK9IPAddress7printToER5Print
 .text._GLOBAL__sub_I__ZN9IPAddressC2Ev
                0x000005fe       0x16 src/IPAddress.o
 .text.initVariant
                0x00000614        0x2 src/main.o
                0x00000614                initVariant
 .text.main     0x00000616       0x1e src/main.o
                0x00000616                main
 .text._ZN5Print5writeEPKhj
                0x00000634       0x5e src/Print.o
                0x00000634                _ZN5Print5writeEPKhj
 .text._ZN5Print5printEPKc
                0x00000692       0x2c src/Print.o
                0x00000692                _ZN5Print5printEPKc
 .text._ZN5Print5printEc
                0x000006be       0x10 src/Print.o
                0x000006be                _ZN5Print5printEc
 .text._ZN5Print11printNumberEmh
                0x000006ce       0xe6 src/Print.o
                0x000006ce                _ZN5Print11printNumberEmh
 .text._ZN5Print5printEmi
                0x000007b4       0x1e src/Print.o
                0x000007b4                _ZN5Print5printEmi
 .text._ZN5Print5printEhi
                0x000007d2       0x10 src/Print.o
                0x000007d2                _ZN5Print5printEhi
 .text._Z12disableTimerh
                0x000007e2       0x40 src/Tone.o
                0x000007e2                _Z12disableTimerh
 .text._Z6noToneh
                0x00000822       0x2c src/Tone.o
                0x00000822                _Z6noToneh
 .text.__vector_7
                0x0000084e       0xb8 src/Tone.o
                0x0000084e                __vector_7
 .text.nothing  0x00000906        0x2 src/WInterrupts.o
 .text.__vector_1
                0x00000908       0x4e src/WInterrupts.o
                0x00000908                __vector_1
 .text.__vector_2
                0x00000956       0x4e src/WInterrupts.o
                0x00000956                __vector_2
 .text.__vector_16
                0x000009a4       0x94 src/wiring.o
                0x000009a4                __vector_16
 .text.micros   0x00000a38       0x4c src/wiring.o
                0x00000a38                micros
 .text.delay    0x00000a84       0x58 src/wiring.o
                0x00000a84                delay
 .text.init     0x00000adc       0x76 src/wiring.o
                0x00000adc                init
 .text.turnOffPWM
                0x00000b52       0x5e src/wiring_digital.o
 .text.digitalWrite
                0x00000bb0       0x62 src/wiring_digital.o
                0x00000bb0                digitalWrite
 .text.libgcc.div
                0x00000c12       0x44 c:/program files (x86)/atmel/studio/7.0/toolchain/avr8/avr8-gnu-toolchain/bin/../lib/gcc/avr/4.9.2/avr5\libgcc.a(_udivmodsi4.o)
                0x00000c12                __udivmodsi4
 .text.libgcc   0x00000c56        0xc c:/program files (x86)/atmel/studio/7.0/toolchain/avr8/avr8-gnu-toolchain/bin/../lib/gcc/avr/4.9.2/avr5\libgcc.a(_tablejump2.o)
                0x00000c56                __tablejump2__
                0x00000c62                . = ALIGN (0x2)
 *(.fini9)
 .fini9         0x00000c62        0x0 c:/program files (x86)/atmel/studio/7.0/toolchain/avr8/avr8-gnu-toolchain/bin/../lib/gcc/avr/4.9.2/avr5\libgcc.a(_exit.o)
                0x00000c62                _exit
                0x00000c62                exit
 *(.fini9)
 *(.fini8)
 *(.fini8)
 *(.fini7)
 *(.fini7)
 *(.fini6)
 *(.fini6)
 *(.fini5)
 *(.fini5)
 *(.fini4)
 *(.fini4)
 *(.fini3)
 *(.fini3)
 *(.fini2)
 *(.fini2)
 *(.fini1)
 *(.fini1)
 *(.fini0)
 .fini0         0x00000c62        0x4 c:/program files (x86)/atmel/studio/7.0/toolchain/avr8/avr8-gnu-toolchain/bin/../lib/gcc/avr/4.9.2/avr5\libgcc.a(_exit.o)
 *(.fini0)
                0x00000c66                _etext = .

.data           0x00800100       0x26 load address 0x00000c66
                0x00800100                PROVIDE (__data_start, .)
 *(.data)
 *(.data*)
 .data._ZL9tone_pins
                0x00800100        0x1 src/Tone.o
 .data.intFunc  0x00800101        0x4 src/WInterrupts.o
 *(.rodata)
 *(.rodata*)
 .rodata.str1.1
                0x00800105        0xb Sketch.o
                                 0x12 (size before relaxing)
 .rodata._ZTV14HardwareSerial
                0x00800110       0x10 src/HardwareSerial.o
                0x00800110                _ZTV14HardwareSerial
 .rodata._ZTV9IPAddress
                0x00800120        0x6 src/IPAddress.o
                0x00800120                _ZTV9IPAddress
 *(.gnu.linkonce.d*)
                0x00800126                . = ALIGN (0x2)
                0x00800126                _edata = .
                0x00800126                PROVIDE (__data_end, .)

.bss            0x00800126       0xc4
                0x00800126                PROVIDE (__bss_start, .)
 *(.bss)
 *(.bss*)
 .bss._crc      0x00800126        0x1 Sketch.o
                0x00800126                _crc
 .bss.temp      0x00800127       0x10 Sketch.o
                0x00800127                temp
 .bss.Serial    0x00800137       0x9d src/HardwareSerial0.o
                0x00800137                Serial
 .bss._ZL11INADDR_NONE
                0x008001d4        0x6 src/IPAddress.o
 .bss.timer2_pin_mask
                0x008001da        0x1 src/Tone.o
                0x008001da                timer2_pin_mask
 .bss.timer2_pin_port
                0x008001db        0x2 src/Tone.o
                0x008001db                timer2_pin_port
 .bss.timer2_toggle_count
                0x008001dd        0x4 src/Tone.o
                0x008001dd                timer2_toggle_count
 .bss.timer0_fract
                0x008001e1        0x1 src/wiring.o
 .bss.timer0_millis
                0x008001e2        0x4 src/wiring.o
                0x008001e2                timer0_millis
 .bss.timer0_overflow_count
                0x008001e6        0x4 src/wiring.o
                0x008001e6                timer0_overflow_count
 *(COMMON)
                0x008001ea                PROVIDE (__bss_end, .)
                0x00000c66                __data_load_start = LOADADDR (.data)
                0x00000c8c                __data_load_end = (__data_load_start + SIZEOF (.data))

.noinit         0x008001ea        0x0
                0x008001ea                PROVIDE (__noinit_start, .)
 *(.noinit*)
                0x008001ea                PROVIDE (__noinit_end, .)
                0x008001ea                _end = .
                0x008001ea                PROVIDE (__heap_start, .)

.eeprom         0x00810000        0x0
 *(.eeprom*)
                0x00810000                __eeprom_end = .

.fuse
 *(.fuse)
 *(.lfuse)
 *(.hfuse)
 *(.efuse)

.lock
 *(.lock*)

.signature
 *(.signature*)

.user_signatures
 *(.user_signatures*)

.stab
 *(.stab)

.stabstr
 *(.stabstr)

.stab.excl
 *(.stab.excl)

.stab.exclstr
 *(.stab.exclstr)

.stab.index
 *(.stab.index)

.stab.indexstr
 *(.stab.indexstr)

.comment        0x00000000       0x30
 *(.comment)
 .comment       0x00000000       0x30 Sketch.o
                                 0x31 (size before relaxing)
 .comment       0x00000030       0x31 src/HardwareSerial.o
 .comment       0x00000030       0x31 src/HardwareSerial0.o
 .comment       0x00000030       0x31 src/hooks.o
 .comment       0x00000030       0x31 src/IPAddress.o
 .comment       0x00000030       0x31 src/main.o
 .comment       0x00000030       0x31 src/Print.o
 .comment       0x00000030       0x31 src/Tone.o
 .comment       0x00000030       0x31 src/WInterrupts.o
 .comment       0x00000030       0x31 src/wiring.o
 .comment       0x00000030       0x31 src/wiring_digital.o

.note.gnu.avr.deviceinfo
                0x00000000       0x40
 .note.gnu.avr.deviceinfo
                0x00000000       0x40 C:/Program Files (x86)/Atmel/Studio/7.0/Packs/atmel/ATmega_DFP/1.0.90/gcc/dev/atmega328p/avr5/crtatmega328p.o

.note.gnu.build-id
 *(.note.gnu.build-id)

.debug
 *(.debug)

.line
 *(.line)

.debug_srcinfo
 *(.debug_srcinfo)

.debug_sfnames
 *(.debug_sfnames)

.debug_aranges  0x00000000      0x360
 *(.debug_aranges)
 .debug_aranges
                0x00000000       0x28 Sketch.o
 .debug_aranges
                0x00000028       0x68 src/HardwareSerial.o
 .debug_aranges
                0x00000090       0x38 src/HardwareSerial0.o
 .debug_aranges
                0x000000c8       0x20 src/hooks.o
 .debug_aranges
                0x000000e8       0x60 src/IPAddress.o
 .debug_aranges
                0x00000148       0x38 src/main.o
 .debug_aranges
                0x00000180       0xe8 src/Print.o
 .debug_aranges
                0x00000268       0x38 src/Tone.o
 .debug_aranges
                0x000002a0       0x40 src/WInterrupts.o
 .debug_aranges
                0x000002e0       0x48 src/wiring.o
 .debug_aranges
                0x00000328       0x38 src/wiring_digital.o

.debug_pubnames
 *(.debug_pubnames)

.debug_info     0x00000000     0x797f
 *(.debug_info .gnu.linkonce.wi.*)
 .debug_info    0x00000000      0x4a1 Sketch.o
 .debug_info    0x000004a1     0x1a5e src/HardwareSerial.o
 .debug_info    0x00001eff     0x1724 src/HardwareSerial0.o
 .debug_info    0x00003623       0x3e src/hooks.o
 .debug_info    0x00003661      0x98f src/IPAddress.o
 .debug_info    0x00003ff0      0x206 src/main.o
 .debug_info    0x000041f6     0x25a5 src/Print.o
 .debug_info    0x0000679b      0x73c src/Tone.o
 .debug_info    0x00006ed7      0x217 src/WInterrupts.o
 .debug_info    0x000070ee      0x2bb src/wiring.o
 .debug_info    0x000073a9      0x5d6 src/wiring_digital.o

.debug_abbrev   0x00000000     0x1703
 *(.debug_abbrev)
 .debug_abbrev  0x00000000      0x241 Sketch.o
 .debug_abbrev  0x00000241      0x379 src/HardwareSerial.o
 .debug_abbrev  0x000005ba      0x35d src/HardwareSerial0.o
 .debug_abbrev  0x00000917       0x2a src/hooks.o
 .debug_abbrev  0x00000941      0x33d src/IPAddress.o
 .debug_abbrev  0x00000c7e       0xea src/main.o
 .debug_abbrev  0x00000d68      0x3b0 src/Print.o
 .debug_abbrev  0x00001118      0x261 src/Tone.o
 .debug_abbrev  0x00001379       0xfc src/WInterrupts.o
 .debug_abbrev  0x00001475      0x145 src/wiring.o
 .debug_abbrev  0x000015ba      0x149 src/wiring_digital.o

.debug_line     0x00000000     0x13fb
 *(.debug_line .debug_line.* .debug_line_end)
 .debug_line    0x00000000      0x220 Sketch.o
 .debug_line    0x00000220      0x2c8 src/HardwareSerial.o
 .debug_line    0x000004e8      0x1f2 src/HardwareSerial0.o
 .debug_line    0x000006da       0x3b src/hooks.o
 .debug_line    0x00000715      0x212 src/IPAddress.o
 .debug_line    0x00000927      0x11e src/main.o
 .debug_line    0x00000a45      0x407 src/Print.o
 .debug_line    0x00000e4c      0x1c5 src/Tone.o
 .debug_line    0x00001011      0x136 src/WInterrupts.o
 .debug_line    0x00001147      0x175 src/wiring.o
 .debug_line    0x000012bc      0x13f src/wiring_digital.o

.debug_frame    0x00000000      0xa50
 *(.debug_frame)
 .debug_frame   0x00000000       0x40 Sketch.o
 .debug_frame   0x00000040      0x110 src/HardwareSerial.o
 .debug_frame   0x00000150       0xcc src/HardwareSerial0.o
 .debug_frame   0x0000021c       0x24 src/hooks.o
 .debug_frame   0x00000240       0xe8 src/IPAddress.o
 .debug_frame   0x00000328       0x54 src/main.o
 .debug_frame   0x0000037c      0x3a8 src/Print.o
 .debug_frame   0x00000724      0x100 src/Tone.o
 .debug_frame   0x00000824       0xf4 src/WInterrupts.o
 .debug_frame   0x00000918       0xbc src/wiring.o
 .debug_frame   0x000009d4       0x7c src/wiring_digital.o

.debug_str      0x00000000     0x1c0d
 *(.debug_str)
 .debug_str     0x00000000      0x292 Sketch.o
                                0x2e2 (size before relaxing)
 .debug_str     0x00000292      0xf18 src/HardwareSerial.o
                               0x11c0 (size before relaxing)
 .debug_str     0x000011aa       0x86 src/HardwareSerial0.o
                                0xfba (size before relaxing)
 .debug_str     0x00001230       0xdd src/hooks.o
                                0x115 (size before relaxing)
 .debug_str     0x0000130d      0x243 src/IPAddress.o
                                0x4fb (size before relaxing)
 .debug_str     0x00001550       0x3e src/main.o
                                0x240 (size before relaxing)
 .debug_str     0x0000158e      0x367 src/Print.o
                                0xe60 (size before relaxing)
 .debug_str     0x000018f5      0x1ab src/Tone.o
                                0x3bb (size before relaxing)
 .debug_str     0x00001aa0       0x88 src/WInterrupts.o
                                0x20d (size before relaxing)
 .debug_str     0x00001b28       0x7a src/wiring.o
                                0x217 (size before relaxing)
 .debug_str     0x00001ba2       0x6b src/wiring_digital.o
                                0x285 (size before relaxing)

.debug_loc      0x00000000     0x3d03
 *(.debug_loc)
 .debug_loc     0x00000000      0x17f Sketch.o
 .debug_loc     0x0000017f      0x484 src/HardwareSerial.o
 .debug_loc     0x00000603      0x17b src/HardwareSerial0.o
 .debug_loc     0x0000077e      0x2c0 src/IPAddress.o
 .debug_loc     0x00000a3e     0x1db0 src/Print.o
 .debug_loc     0x000027ee      0xaf2 src/Tone.o
 .debug_loc     0x000032e0      0x235 src/WInterrupts.o
 .debug_loc     0x00003515      0x22a src/wiring.o
 .debug_loc     0x0000373f      0x5c4 src/wiring_digital.o

.debug_macinfo
 *(.debug_macinfo)

.debug_weaknames
 *(.debug_weaknames)

.debug_funcnames
 *(.debug_funcnames)

.debug_typenames
 *(.debug_typenames)

.debug_varnames
 *(.debug_varnames)

.debug_pubtypes
 *(.debug_pubtypes)

.debug_ranges   0x00000000      0x2f8
 *(.debug_ranges)
 .debug_ranges  0x00000000       0x18 Sketch.o
 .debug_ranges  0x00000018       0x58 src/HardwareSerial.o
 .debug_ranges  0x00000070       0x28 src/HardwareSerial0.o
 .debug_ranges  0x00000098       0x10 src/hooks.o
 .debug_ranges  0x000000a8       0x50 src/IPAddress.o
 .debug_ranges  0x000000f8       0x28 src/main.o
 .debug_ranges  0x00000120       0xf0 src/Print.o
 .debug_ranges  0x00000210       0x58 src/Tone.o
 .debug_ranges  0x00000268       0x30 src/WInterrupts.o
 .debug_ranges  0x00000298       0x38 src/wiring.o
 .debug_ranges  0x000002d0       0x28 src/wiring_digital.o

.debug_macro
 *(.debug_macro)
OUTPUT(main.elf elf32-avr)
LOAD linker stubs
